--------------------------------------------------------------------------------------
Timing Analyzer Summary
--------------------------------------------------------------------------------------

Type           : Worst-case tsu
Slack          : N/A
Required Time  : None
Actual Time    : 6.197 ns
From           : KEY3_ACLR
To             : LCD_Display:inst1|CLK_COUNT_400HZ[0]
From Clock     : --
To Clock       : CLK_50Mhz
Failed Paths   : 0

Type           : Worst-case tco
Slack          : N/A
Required Time  : None
Actual Time    : 15.450 ns
From           : LCD_Display:inst1|LCD_RW_INT
To             : LCD_RW
From Clock     : CLK_50Mhz
To Clock       : --
Failed Paths   : 0

Type           : Worst-case th
Slack          : N/A
Required Time  : None
Actual Time    : 5.332 ns
From           : SW2_MODE
To             : lpm_counter0:inst2|lpm_counter:LPM_COUNTER_component|cntr_9qg:auto_generated|safe_q[3]
From Clock     : --
To Clock       : CLK_50Mhz
Failed Paths   : 0

Type           : Clock Setup: 'CLK_50Mhz'
Slack          : N/A
Required Time  : None
Actual Time    : 176.58 MHz ( period = 5.663 ns )
From           : clk_div:inst|clock_10Khz_int
To             : clk_div:inst|clock_10Khz_reg
From Clock     : CLK_50Mhz
To Clock       : CLK_50Mhz
Failed Paths   : 0

Type           : Total number of failed paths
Slack          : 
Required Time  : 
Actual Time    : 
From           : 
To             : 
From Clock     : 
To Clock       : 
Failed Paths   : 0

--------------------------------------------------------------------------------------

